// Jest Snapshot v1, https://goo.gl/fbAQLP

exports[`Account Signin Component should render correctly 1`] = `
<Form>
  <WithStyles(Grid)
    container={true}
    spacing={24}
  >
    <WithStyles(Grid)
      item={true}
      xs={12}
    >
      <WithStyles(Typography)
        variant="h6"
      >
        label
      </WithStyles(Typography)>
    </WithStyles(Grid)>
    <WithStyles(Grid)
      item={true}
      xs={12}
    >
      <C
        component={[Function]}
        helper="normal"
        label="Type"
        margin="none"
        name="type"
        type="search"
      />
    </WithStyles(Grid)>
    <WithStyles(Grid)
      item={true}
      xs={12}
    >
      <WithStyles(Typography)
        color="error"
        variant="button"
      />
      <div>
        <WithStyles(Button)
          color="primary"
          disabled={true}
          type="submit"
          variant="contained"
        >
          Save
        </WithStyles(Button)>
        <WithStyles(Button)
          color="secondary"
          disabled={true}
          id="authority-reset-button"
          onClick={[Function]}
          variant="text"
        >
          Reset
        </WithStyles(Button)>
      </div>
    </WithStyles(Grid)>
  </WithStyles(Grid)>
</Form>
`;

exports[`Account Signin Component should render correctly withStyles 1`] = `
<Authority
  classes={
    Object {
      "button": "Authority-button-7",
      "error": "Authority-error-6",
      "field": "Authority-field-4",
      "gridContainer": "Authority-gridContainer-1",
      "headerRow": "Authority-headerRow-3",
      "row": "Authority-row-2",
      "switchBox": "Authority-switchBox-5",
    }
  }
  errors={Object {}}
  initialValues={Object {}}
  isSubmitting={true}
  label="label"
  resetForm={[Function]}
/>
`;
