// Jest Snapshot v1, https://goo.gl/fbAQLP

exports[`Project Component should render correctly 1`] = `
<Form>
  <WithStyles(Grid)
    container={true}
    spacing={24}
  >
    <WithStyles(Grid)
      className=""
      item={true}
      xs={12}
    >
      <WithStyles(Typography)
        variant="h6"
      >
        label
      </WithStyles(Typography)>
      <WithStyles(Tooltip)
        title="Delete"
      >
        <WithStyles(IconButton)
          aria-label="Delete"
          onClick={[Function]}
        >
          <pure(DeleteIcon) />
        </WithStyles(IconButton)>
      </WithStyles(Tooltip)>
    </WithStyles(Grid)>
    <WithStyles(Grid)
      item={true}
      xs={12}
    >
      <C
        component={[Function]}
        helper="normal"
        label="Task Name"
        margin="none"
        name="name"
        type="search"
      />
      <C
        component={[Function]}
        helper="normal"
        label="Start Date"
        margin="none"
        name="date"
        type="date"
      />
      <C
        component={[Function]}
        label="Active"
        name="isActive"
      />
    </WithStyles(Grid)>
    <C
      name="projectTasks"
      render={[Function]}
    />
    <WithStyles(Grid)
      item={true}
      xs={12}
    >
      <WithStyles(Typography)
        color="error"
        variant="button"
      />
      <div>
        <WithStyles(Button)
          color="primary"
          disabled={true}
          type="submit"
          variant="contained"
        >
          Save
        </WithStyles(Button)>
        <WithStyles(Button)
          color="secondary"
          disabled={true}
          id="project-reset-button"
          onClick={[Function]}
          variant="text"
        >
          Reset
        </WithStyles(Button)>
      </div>
    </WithStyles(Grid)>
  </WithStyles(Grid)>
</Form>
`;

exports[`Project Component should render correctly withStyles 1`] = `
<Project
  categories={
    Array [
      Object {
        "id": 0,
      },
      Object {
        "id": 1,
      },
      Object {
        "id": 2,
      },
    ]
  }
  classes={
    Object {
      "button": "Project-button-7",
      "error": "Project-error-6",
      "field": "Project-field-4",
      "gridContainer": "Project-gridContainer-1",
      "headerRow": "Project-headerRow-3",
      "row": "Project-row-2",
      "switchBox": "Project-switchBox-5",
    }
  }
  errors={Object {}}
  initialValues={Object {}}
  isSubmitting={true}
  label="label"
  removeProject={[Function]}
  resetForm={[Function]}
  subcategories={
    Array [
      Object {
        "id": 0,
      },
      Object {
        "id": 1,
      },
      Object {
        "id": 2,
      },
    ]
  }
  tasks={
    Array [
      Object {
        "category": Object {
          "id": 0,
        },
        "id": 0,
        "subcategory": Object {
          "id": 0,
        },
      },
      Object {
        "category": Object {
          "id": 1,
        },
        "id": 1,
        "subcategory": Object {
          "id": 1,
        },
      },
      Object {
        "category": Object {
          "id": 2,
        },
        "id": 2,
        "subcategory": Object {
          "id": 2,
        },
      },
    ]
  }
  type="edit"
  values={
    Object {
      "projectTasks": Array [
        Object {
          "categoryId": 0,
          "id": 0,
          "subcategoryId": 0,
          "taskId": 0,
        },
        Object {
          "categoryId": 1,
          "id": 1,
          "subcategoryId": 1,
          "taskId": 1,
        },
      ],
    }
  }
/>
`;
