// Jest Snapshot v1, https://goo.gl/fbAQLP

exports[`ShiftEdit Component should render correctly 1`] = `
<Form>
  <WithStyles(Grid)
    container={true}
    spacing={24}
  >
    <WithStyles(Grid)
      className=""
      item={true}
      xs={12}
    >
      <WithStyles(Typography)
        variant="h6"
      >
        label
      </WithStyles(Typography)>
      <WithStyles(Tooltip)
        title="Delete"
      >
        <WithStyles(IconButton)
          aria-label="Delete"
        >
          <pure(DeleteIcon) />
        </WithStyles(IconButton)>
      </WithStyles(Tooltip)>
    </WithStyles(Grid)>
    <WithStyles(Grid)
      item={true}
      xs={12}
    >
      <C
        component={[Function]}
        fullWidth={true}
        items={
          Array [
            Object {
              "id": 0,
            },
            Object {
              "id": 1,
            },
            Object {
              "id": 2,
            },
          ]
        }
        label="Employee"
        name="employeeId"
      />
      <C
        component={[Function]}
        helper="normal"
        label="Start Date"
        margin="none"
        name="clockInDate"
        type="datetime-local"
      />
      <C
        component={[Function]}
        defaultValue="2017-05-24T10:30"
        helper="normal"
        label="Start Date"
        margin="none"
        name="clockOutDate"
        type="datetime-local"
      />
    </WithStyles(Grid)>
    <C
      name="activities"
      render={[Function]}
    />
    <WithStyles(Grid)
      className=""
      item={true}
      xs={12}
    >
      <WithStyles(Typography)
        margin="none"
        variant="h5"
      >
        Time Left: 
        1:00
      </WithStyles(Typography)>
      <WithStyles(Typography)
        color="error"
        variant="button"
      >
        General Error
      </WithStyles(Typography)>
      <div>
        <WithStyles(Button)
          color="primary"
          disabled={true}
          type="submit"
          variant="contained"
        >
          Save
        </WithStyles(Button)>
        <WithStyles(Button)
          color="secondary"
          id="shift-edit-reset-button"
          onClick={[Function]}
          variant="text"
        >
          Reset
        </WithStyles(Button)>
      </div>
    </WithStyles(Grid)>
  </WithStyles(Grid)>
</Form>
`;

exports[`ShiftEdit Component should render correctly withStyles 1`] = `
<ShiftEdit
  classes={
    Object {
      "body": "ShiftEdit-body-6",
      "bodyRow": "ShiftEdit-bodyRow-4",
      "button": "ShiftEdit-button-8",
      "field": "ShiftEdit-field-7",
      "footerRow": "ShiftEdit-footerRow-5",
      "gridContainer": "ShiftEdit-gridContainer-1",
      "headerRow": "ShiftEdit-headerRow-3",
      "lunchBox": "ShiftEdit-lunchBox-10",
      "row": "ShiftEdit-row-2",
      "verticalCenter": "ShiftEdit-verticalCenter-9",
    }
  }
  employees={
    Array [
      Object {
        "id": 0,
      },
      Object {
        "id": 1,
      },
      Object {
        "id": 2,
      },
    ]
  }
  errors={
    Object {
      "asdf": Object {},
    }
  }
  generalError="General Error"
  initialValues={Object {}}
  isSubmitting={true}
  label="label"
  projectTasks={
    Array [
      Object {
        "id": 0,
        "task": Object {
          "category": Object {
            "id": 0,
            "name": "name0",
          },
          "id": 0,
          "subcategory": Object {
            "id": 0,
            "name": "name0",
          },
        },
      },
      Object {
        "id": 1,
        "task": Object {
          "category": Object {
            "id": 1,
            "name": "name1",
          },
          "id": 1,
          "subcategory": Object {
            "id": 1,
            "name": "name1",
          },
        },
      },
      Object {
        "id": 2,
        "task": Object {
          "category": Object {
            "id": 2,
            "name": "name2",
          },
          "id": 2,
          "subcategory": Object {
            "id": 2,
            "name": "name2",
          },
        },
      },
    ]
  }
  projects={
    Array [
      Object {
        "id": 0,
      },
      Object {
        "id": 1,
      },
      Object {
        "id": 2,
      },
    ]
  }
  resetForm={[Function]}
  timeLeft={60}
  type="edit"
  values={
    Object {
      "activities": Array [
        Object {
          "categoryId": 0,
          "id": 0,
          "subcategoryId": 0,
          "taskId": 0,
        },
        Object {
          "categoryId": 1,
          "id": 1,
          "subcategoryId": 1,
          "taskId": 1,
        },
      ],
    }
  }
/>
`;
