// Jest Snapshot v1, https://goo.gl/fbAQLP

exports[`Task Component should render correctly 1`] = `
<Form>
  <WithStyles(Grid)
    container={true}
    spacing={24}
  >
    <WithStyles(Grid)
      className=""
      item={true}
      xs={12}
    >
      <WithStyles(Typography)
        variant="h6"
      >
        label
      </WithStyles(Typography)>
      <WithStyles(Tooltip)
        title="Delete"
      >
        <WithStyles(IconButton)
          aria-label="Delete"
          onClick={[Function]}
        >
          <pure(DeleteIcon) />
        </WithStyles(IconButton)>
      </WithStyles(Tooltip)>
    </WithStyles(Grid)>
    <WithStyles(Grid)
      item={true}
      xs={12}
    >
      <C
        component={[Function]}
        helper="normal"
        label="Task Name"
        margin="none"
        name="name"
        type="search"
      />
      <C
        component={[Function]}
        label="Active"
        name="isActive"
      />
    </WithStyles(Grid)>
    <WithStyles(Grid)
      item={true}
      xs={12}
    >
      <C
        component={[Function]}
        fullWidth={true}
        items={
          Array [
            Object {
              "id": 0,
            },
            Object {
              "id": 1,
            },
            Object {
              "id": 2,
            },
          ]
        }
        label="Category"
        name="categoryId"
      />
      <C
        component={[Function]}
        fullWidth={true}
        items={
          Array [
            Object {
              "id": 0,
            },
            Object {
              "id": 1,
            },
            Object {
              "id": 2,
            },
          ]
        }
        label="Subcategory"
        name="subcategoryId"
      />
      <WithStyles(Tooltip)
        title="Edit Categories"
      >
        <WithStyles(IconButton)
          aria-label="Edit Categories"
          onClick={[Function]}
        >
          <pure(EditIcon) />
        </WithStyles(IconButton)>
      </WithStyles(Tooltip)>
    </WithStyles(Grid)>
    <WithStyles(Grid)
      item={true}
      xs={12}
    >
      <WithStyles(Typography)
        color="error"
        variant="button"
      />
      <div>
        <WithStyles(Button)
          color="primary"
          disabled={true}
          type="submit"
          variant="contained"
        >
          Save
        </WithStyles(Button)>
        <WithStyles(Button)
          color="secondary"
          disabled={true}
          id="task-reset-button"
          onClick={[Function]}
          variant="text"
        >
          Reset
        </WithStyles(Button)>
      </div>
    </WithStyles(Grid)>
  </WithStyles(Grid)>
</Form>
`;

exports[`Task Component should render correctly withStyles 1`] = `
<Task
  categories={
    Array [
      Object {
        "id": 0,
      },
      Object {
        "id": 1,
      },
      Object {
        "id": 2,
      },
    ]
  }
  classes={
    Object {
      "button": "Task-button-7",
      "error": "Task-error-6",
      "field": "Task-field-4",
      "gridContainer": "Task-gridContainer-1",
      "headerRow": "Task-headerRow-3",
      "row": "Task-row-2",
      "switchBox": "Task-switchBox-5",
    }
  }
  editCategories={[Function]}
  errors={Object {}}
  initialValues={Object {}}
  isSubmitting={true}
  label="label"
  removeTask={[Function]}
  resetForm={[Function]}
  subcategories={
    Array [
      Object {
        "id": 0,
      },
      Object {
        "id": 1,
      },
      Object {
        "id": 2,
      },
    ]
  }
  type="edit"
  values={
    Object {
      "pin": "123",
    }
  }
/>
`;
