// Jest Snapshot v1, https://goo.gl/fbAQLP

exports[`ClockOut Action Scene should render correctly 1`] = `
<withRouter(Connect(ClockOutContainer))
  type="type"
/>
`;
