// Jest Snapshot v1, https://goo.gl/fbAQLP

exports[`Export Scene should render correctly 1`] = `<withRouter(Connect(ExportContainer)) />`;
