// Jest Snapshot v1, https://goo.gl/fbAQLP

exports[`Auth Signin Scene should render correctly 1`] = `<withRouter(Connect(SignInForm)) />`;
