// Jest Snapshot v1, https://goo.gl/fbAQLP

exports[`Account Signin Scene should render correctly 1`] = `<withRouter(Connect(SignInContainer)) />`;
